C:\Temp\example3.pdf
C:\Temp\example3.pdf
C:\Temp\example3.pdf
C:\Temp\example3.pdf
C:\Temp\example3.pdf
C:\Temp\example3.pdf
C:\Temp\example3.pdf
C:\Temp\example3.pdf
C:\Temp\example3.pdf
C:\Temp\example3.pdf
C:\Temp\example3.pdf
C:\Temp\example3.pdf
C:\Temp\example3.pdf
C:\Temp\example3.pdf
C:\Temp\example3.pdf
C:\Temp\example3.pdf
C:\Temp\example3.pdf
C:\Temp\example3.pdf
C:\Temp\example3.pdf
C:\Temp\example3.pdf
C:\Temp\example3.pdf
C:\Temp\example3.pdf
C:\Temp\example3.pdf
C:\Temp\example3.pdf
C:\Temp\example3.pdf
C:\Temp\example3.pdf
C:\Temp\example3.pdf
C:\Temp\example3.pdf
C:\Temp\example3.pdf
C:\Temp\example3.pdf
C:\Temp\example3.pdf
C:\Temp\example3.pdf
C:\Temp\example3.pdf
C:\Temp\example3.pdf
C:\Temp\example3.pdf
C:\Temp\example3.pdf
C:\Temp\example3.pdf
C:\Temp\example3.pdf
C:\Temp\example3.pdf
C:\Temp\example3.pdf
C:\Temp\example3.pdf
C:\Temp\example3.pdf
C:\Temp\example3.pdf
C:\Temp\example3.pdf
C:\Temp\example3.pdf
C:\Temp\example3.pdf
C:\Temp\example3.pdf
C:\Temp\example3.pdf
C:\Temp\example3.pdf
C:\Temp\example3.pdf
C:\Temp\example3.pdf
C:\Temp\example3.pdf
C:\Temp\example3.pdf
C:\Temp\example3.pdf
C:\Temp\example3.pdf
C:\Temp\example3.pdf
C:\Temp\example3.pdf
C:\Temp\example3.pdf
C:\Temp\example3.pdf
C:\Temp\example3.pdf
C:\Temp\example3.pdf
C:\Temp\example3.pdf
C:\Temp\example3.pdf
C:\Temp\example3.pdf
C:\Temp\example3.pdf
C:\Temp\example3.pdf
C:\Temp\example3.pdf
C:\Temp\example3.pdf
C:\Temp\example3.pdf
C:\Temp\example3.pdf
C:\Temp\example3.pdf
C:\Temp\example3.pdf
C:\Temp\example3.pdf
C:\Temp\example3.pdf
C:\Temp\example3.pdf
C:\Temp\example3.pdf
C:\Temp\example3.pdf
C:\Temp\example3.pdf
C:\Temp\example3.pdf
C:\Temp\example3.pdf
C:\Temp\example3.pdf
C:\Temp\example3.pdf
C:\Temp\example3.pdf
C:\Temp\example3.pdf
C:\Temp\example3.pdf
C:\Temp\example3.pdf
C:\Temp\example3.pdf
C:\Temp\example3.pdf
C:\Temp\example3.pdf
C:\Temp\example3.pdf
C:\Temp\example3.pdf
C:\Temp\example3.pdf
C:\Temp\example3.pdf
C:\Temp\example3.pdf
C:\Temp\example3.pdf
C:\Temp\example3.pdf
C:\Temp\example3.pdf
C:\Temp\example3.pdf
C:\Temp\example3.pdf
C:\Temp\example3.pdf
C:\Temp\example3.pdf
C:\Temp\example3.pdf
C:\Temp\example3.pdf
C:\Temp\example3.pdf
C:\Temp\example3.pdf
C:\Temp\example3.pdf
C:\Temp\example3.pdf
C:\Temp\example3.pdf
C:\Temp\example3.pdf
C:\Temp\example3.pdf
C:\Temp\example3.pdf
C:\Temp\example3.pdf
C:\Temp\example3.pdf
C:\Temp\example3.pdf
C:\Temp\example3.pdf
C:\Temp\example3.pdf
C:\Temp\example3.pdf
C:\Temp\example3.pdf
C:\Temp\example3.pdf
C:\Temp\example3.pdf
C:\Temp\example3.pdf
C:\Temp\example3.pdf
C:\Temp\example3.pdf
C:\Temp\example3.pdf
C:\Temp\example3.pdf
C:\Temp\example3.pdf
C:\Temp\example3.pdf
C:\Temp\example3.pdf
C:\Temp\example3.pdf
C:\Temp\example3.pdf
C:\Temp\example3.pdf
C:\Temp\example3.pdf
C:\Temp\example3.pdf
C:\Temp\example3.pdf
C:\Temp\example3.pdf
C:\Temp\example3.pdf
C:\Temp\example3.pdf
C:\Temp\example3.pdf
C:\Temp\example3.pdf
C:\Temp\example3.pdf
C:\Temp\example3.pdf
C:\Temp\example3.pdf
C:\Temp\example3.pdf
C:\Temp\example3.pdf
C:\Temp\example3.pdf
C:\Temp\example3.pdf
C:\Temp\example3.pdf
C:\Temp\example3.pdf
C:\Temp\example3.pdf
C:\Temp\example3.pdf
C:\Temp\example3.pdf
C:\Temp\example3.pdf
C:\Temp\example3.pdf
C:\Temp\example3.pdf
C:\Temp\example3.pdf
C:\Temp\example3.pdf
C:\Temp\example3.pdf
C:\Temp\example3.pdf
C:\Temp\example3.pdf
C:\Temp\example3.pdf
C:\Temp\example3.pdf
C:\Temp\example3.pdf
C:\Temp\example3.pdf
C:\Temp\example3.pdf
C:\Temp\example3.pdf
C:\Temp\example3.pdf
C:\Temp\example3.pdf
C:\Temp\example3.pdf
C:\Temp\example3.pdf
C:\Temp\example3.pdf
C:\Temp\example3.pdf
C:\Temp\example3.pdf
C:\Temp\example3.pdf
C:\Temp\example3.pdf
C:\Temp\example3.pdf
C:\Temp\example3.pdf
C:\Temp\example3.pdf
C:\Temp\example3.pdf
C:\Temp\example3.pdf
C:\Temp\example3.pdf
C:\Temp\example3.pdf
C:\Temp\example3.pdf
C:\Temp\example3.pdf
C:\Temp\example3.pdf
C:\Temp\example3.pdf
C:\Temp\example3.pdf
C:\Temp\example3.pdf
C:\Temp\example3.pdf
C:\Temp\example3.pdf
C:\Temp\example3.pdf
C:\Temp\example3.pdf
C:\Temp\example3.pdf
C:\Temp\example3.pdf
C:\Temp\example3.pdf
C:\Temp\example3.pdf
C:\Temp\example3.pdf
C:\Temp\example3.pdf
C:\Temp\example3.pdf
C:\Temp\example3.pdf
C:\Temp\example3.pdf
C:\Temp\example3.pdf
C:\Temp\example3.pdf
C:\Temp\example3.pdf
C:\Temp\example3.pdf
C:\Temp\example3.pdf
C:\Temp\example3.pdf
C:\Temp\example3.pdf
C:\Temp\example3.pdf
C:\Temp\example3.pdf
C:\Temp\example3.pdf
C:\Temp\example3.pdf
C:\Temp\example3.pdf
C:\Temp\example3.pdf
C:\Temp\example3.pdf
C:\Temp\example3.pdf
C:\Temp\example3.pdf
C:\Temp\example3.pdf
C:\Temp\example3.pdf
C:\Temp\example3.pdf
C:\Temp\example3.pdf
C:\Temp\example3.pdf
C:\Temp\example3.pdf
C:\Temp\example3.pdf
C:\Temp\example3.pdf
C:\Temp\example3.pdf
C:\Temp\example3.pdf
C:\Temp\example3.pdf
C:\Temp\example3.pdf
C:\Temp\example3.pdf
C:\Temp\example3.pdf
C:\Temp\example3.pdf
C:\Temp\example3.pdf
C:\Temp\example3.pdf
C:\Temp\example3.pdf
C:\Temp\example3.pdf
C:\Temp\example3.pdf
C:\Temp\example3.pdf
C:\Temp\example3.pdf
C:\Temp\example3.pdf
C:\Temp\example3.pdf
C:\Temp\example3.pdf
C:\Temp\example3.pdf
C:\Temp\example3.pdf
C:\Temp\example3.pdf
C:\Temp\example3.pdf
C:\Temp\example3.pdf
C:\Temp\example3.pdf
C:\Temp\example3.pdf
C:\Temp\example3.pdf
C:\Temp\example3.pdf
C:\Temp\example3.pdf
C:\Temp\example3.pdf
C:\Temp\example3.pdf
C:\Temp\example3.pdf
C:\Temp\example3.pdf
C:\Temp\example3.pdf
C:\Temp\example3.pdf
C:\Temp\example3.pdf
C:\Temp\example3.pdf
C:\Temp\example3.pdf
C:\Temp\example3.pdf
C:\Temp\example3.pdf
C:\Temp\example3.pdf
C:\Temp\example3.pdf
C:\Temp\example3.pdf
C:\Temp\example3.pdf
C:\Temp\example3.pdf
C:\Temp\example3.pdf
C:\Temp\example3.pdf
C:\Temp\example3.pdf
C:\Temp\example3.pdf
C:\Temp\example3.pdf
C:\Temp\example3.pdf
C:\Temp\example3.pdf
C:\Temp\example3.pdf
C:\Temp\example3.pdf
C:\Temp\example3.pdf
C:\Temp\example3.pdf
C:\Temp\example3.pdf
C:\Temp\example3.pdf
C:\Temp\example3.pdf
C:\Temp\example3.pdf
C:\Temp\example3.pdf
C:\Temp\example3.pdf
C:\Temp\example3.pdf
C:\Temp\example3.pdf
C:\Temp\example3.pdf
C:\Temp\example3.pdf
C:\Temp\example3.pdf
C:\Temp\example3.pdf
C:\Temp\example3.pdf
C:\Temp\example3.pdf
C:\Temp\example3.pdf
C:\Temp\example3.pdf
C:\Temp\example3.pdf
C:\Temp\example3.pdf
C:\Temp\example3.pdf
C:\Temp\example3.pdf
C:\Temp\example3.pdf
C:\Temp\example3.pdf
C:\Temp\example3.pdf
C:\Temp\example3.pdf
C:\Temp\example3.pdf
C:\Temp\example3.pdf
C:\Temp\example3.pdf
C:\Temp\example3.pdf
C:\Temp\example3.pdf
C:\Temp\example3.pdf
C:\Temp\example3.pdf
C:\Temp\example3.pdf
C:\Temp\example3.pdf
C:\Temp\example3.pdf
C:\Temp\example3.pdf
C:\Temp\example3.pdf
C:\Temp\example3.pdf
C:\Temp\example3.pdf
C:\Temp\example3.pdf
C:\Temp\example3.pdf
C:\Temp\example3.pdf
C:\Temp\example3.pdf
C:\Temp\example3.pdf
C:\Temp\example3.pdf
C:\Temp\example3.pdf
C:\Temp\example3.pdf
C:\Temp\example3.pdf
C:\Temp\example3.pdf
C:\Temp\example3.pdf
C:\Temp\example3.pdf
C:\Temp\example3.pdf
C:\Temp\example3.pdf
C:\Temp\example3.pdf
C:\Temp\example3.pdf
C:\Temp\example3.pdf
C:\Temp\example3.pdf
C:\Temp\example3.pdf
C:\Temp\example3.pdf
C:\Temp\example3.pdf
C:\Temp\example3.pdf
C:\Temp\example3.pdf
C:\Temp\example3.pdf
C:\Temp\example3.pdf
C:\Temp\example3.pdf
C:\Temp\example3.pdf
C:\Temp\example3.pdf
C:\Temp\example3.pdf
C:\Temp\example3.pdf
C:\Temp\example3.pdf
C:\Temp\example3.pdf
C:\Temp\example3.pdf
C:\Temp\example3.pdf
C:\Temp\example3.pdf
C:\Temp\example3.pdf
C:\Temp\example3.pdf
C:\Temp\example3.pdf
C:\Temp\example3.pdf
C:\Temp\example3.pdf
C:\Temp\example3.pdf
C:\Temp\example3.pdf
C:\Temp\example3.pdf
C:\Temp\example3.pdf
C:\Temp\example3.pdf
C:\Temp\example3.pdf
C:\Temp\example3.pdf
C:\Temp\example3.pdf
C:\Temp\example3.pdf
C:\Temp\example3.pdf
C:\Temp\example3.pdf
C:\Temp\example3.pdf
C:\Temp\example3.pdf
C:\Temp\example3.pdf
C:\Temp\example3.pdf
C:\Temp\example3.pdf
C:\Temp\example3.pdf
C:\Temp\example3.pdf
C:\Temp\example3.pdf
C:\Temp\example3.pdf
C:\Temp\example3.pdf
C:\Temp\example3.pdf
C:\Temp\example3.pdf
C:\Temp\example3.pdf
C:\Temp\example3.pdf
C:\Temp\example3.pdf
C:\Temp\example3.pdf
C:\Temp\example3.pdf
C:\Temp\example3.pdf
C:\Temp\example3.pdf
C:\Temp\example3.pdf
C:\Temp\example3.pdf
C:\Temp\example3.pdf
C:\Temp\example3.pdf
C:\Temp\example3.pdf
C:\Temp\example3.pdf
C:\Temp\example3.pdf
C:\Temp\example3.pdf
C:\Temp\example3.pdf
C:\Temp\example3.pdf
C:\Temp\example3.pdf
C:\Temp\example3.pdf
C:\Temp\example3.pdf
C:\Temp\example3.pdf
C:\Temp\example3.pdf
C:\Temp\example3.pdf
C:\Temp\example3.pdf
C:\Temp\example3.pdf
C:\Temp\example3.pdf
C:\Temp\example3.pdf
C:\Temp\example3.pdf
C:\Temp\example3.pdf
C:\Temp\example3.pdf
C:\Temp\example3.pdf
C:\Temp\example3.pdf
C:\Temp\example3.pdf
C:\Temp\example3.pdf
C:\Temp\example3.pdf
C:\Temp\example3.pdf
C:\Temp\example3.pdf
C:\Temp\example3.pdf
C:\Temp\example3.pdf
C:\Temp\example3.pdf
C:\Temp\example3.pdf
C:\Temp\example3.pdf
C:\Temp\example3.pdf
C:\Temp\example3.pdf
C:\Temp\example3.pdf
C:\Temp\example3.pdf
C:\Temp\example3.pdf
C:\Temp\example3.pdf
C:\Temp\example3.pdf
C:\Temp\example3.pdf
C:\Temp\example3.pdf
C:\Temp\example3.pdf
C:\Temp\example3.pdf
C:\Temp\example3.pdf
C:\Temp\example3.pdf
C:\Temp\example3.pdf
C:\Temp\example3.pdf
C:\Temp\example3.pdf
C:\Temp\example3.pdf
C:\Temp\example3.pdf
C:\Temp\example3.pdf
C:\Temp\example3.pdf
